{
  "agent": {
    "sdd-apply": {
      "description": "Implement code changes from task definitions",
      "hidden": true,
      "mode": "subagent",
      "prompt": "{file:{{HOME}}/.config/opencode/prompts/sdd/sdd-apply.md}",
      "tools": {
        "bash": true,
        "edit": true,
        "read": true,
        "write": true
      }
    },
    "sdd-archive": {
      "description": "Archive completed change artifacts",
      "hidden": true,
      "mode": "subagent",
      "prompt": "{file:{{HOME}}/.config/opencode/prompts/sdd/sdd-archive.md}",
      "tools": {
        "bash": true,
        "edit": true,
        "read": true,
        "write": true
      }
    },
    "sdd-design": {
      "description": "Create technical design from proposals",
      "hidden": true,
      "mode": "subagent",
      "prompt": "{file:{{HOME}}/.config/opencode/prompts/sdd/sdd-design.md}",
      "tools": {
        "bash": true,
        "edit": true,
        "read": true,
        "write": true
      }
    },
    "sdd-explore": {
      "description": "Investigate codebase and think through ideas",
      "hidden": true,
      "mode": "subagent",
      "prompt": "{file:{{HOME}}/.config/opencode/prompts/sdd/sdd-explore.md}",
      "tools": {
        "bash": true,
        "edit": true,
        "read": true,
        "write": true
      }
    },
    "sdd-init": {
      "description": "Bootstrap SDD context and project configuration",
      "hidden": true,
      "mode": "subagent",
      "prompt": "{file:{{HOME}}/.config/opencode/prompts/sdd/sdd-init.md}",
      "tools": {
        "bash": true,
        "edit": true,
        "read": true,
        "write": true
      }
    },
    "sdd-onboard": {
      "description": "Guide user through a complete SDD cycle using their real codebase",
      "hidden": true,
      "mode": "subagent",
      "prompt": "{file:{{HOME}}/.config/opencode/prompts/sdd/sdd-onboard.md}",
      "tools": {
        "bash": true,
        "edit": true,
        "read": true,
        "write": true
      }
    },
    "sdd-orchestrator": {
      "description": "Agent Teams Orchestrator - coordinates sub-agents, never does work inline",
      "mode": "primary",
      "permission": {
        "task": {
          "*": "deny",
          "sdd-*": "allow"
        }
      },
      "prompt": "{file:./AGENTS.md}",
      "tools": {
        "bash": true,
        "delegate": true,
        "delegation_list": true,
        "delegation_read": true,
        "edit": true,
        "read": true,
        "write": true
      }
    },
    "sdd-propose": {
      "description": "Create change proposals from explorations",
      "hidden": true,
      "mode": "subagent",
      "prompt": "{file:{{HOME}}/.config/opencode/prompts/sdd/sdd-propose.md}",
      "tools": {
        "bash": true,
        "edit": true,
        "read": true,
        "write": true
      }
    },
    "sdd-spec": {
      "description": "Write detailed specifications from proposals",
      "hidden": true,
      "mode": "subagent",
      "prompt": "{file:{{HOME}}/.config/opencode/prompts/sdd/sdd-spec.md}",
      "tools": {
        "bash": true,
        "edit": true,
        "read": true,
        "write": true
      }
    },
    "sdd-tasks": {
      "description": "Break down specs and designs into implementation tasks",
      "hidden": true,
      "mode": "subagent",
      "prompt": "{file:{{HOME}}/.config/opencode/prompts/sdd/sdd-tasks.md}",
      "tools": {
        "bash": true,
        "edit": true,
        "read": true,
        "write": true
      }
    },
    "sdd-verify": {
      "description": "Validate implementation against specs",
      "hidden": true,
      "mode": "subagent",
      "prompt": "{file:{{HOME}}/.config/opencode/prompts/sdd/sdd-verify.md}",
      "tools": {
        "bash": true,
        "edit": true,
        "read": true,
        "write": true
      }
    }
  },
  "plugin": [
    "./plugins/background-agents.ts"
  ]
}
